
Allocating common symbols
Common symbol       size              file

GPIO_InitStruct     0x8               ..\obj\main.o

Discarded input sections

 .text          0x00000000        0x0 ..\obj\stm32f30x_rcc.o
 .data          0x00000000       0x2a ..\obj\stm32f30x_rcc.o
 .bss           0x00000000        0x0 ..\obj\stm32f30x_rcc.o
 .text.RCC_DeInit
                0x00000000       0x7c ..\obj\stm32f30x_rcc.o
 .text.RCC_HSEConfig
                0x00000000       0x24 ..\obj\stm32f30x_rcc.o
 .text.RCC_WaitForHSEStartUp
                0x00000000       0x50 ..\obj\stm32f30x_rcc.o
 .text.RCC_AdjustHSICalibrationValue
                0x00000000       0x3c ..\obj\stm32f30x_rcc.o
 .text.RCC_HSICmd
                0x00000000       0x20 ..\obj\stm32f30x_rcc.o
 .text.RCC_LSEConfig
                0x00000000       0x3c ..\obj\stm32f30x_rcc.o
 .text.RCC_LSEDriveConfig
                0x00000000       0x30 ..\obj\stm32f30x_rcc.o
 .text.RCC_LSICmd
                0x00000000       0x20 ..\obj\stm32f30x_rcc.o
 .text.RCC_PLLConfig
                0x00000000       0x34 ..\obj\stm32f30x_rcc.o
 .text.RCC_PLLCmd
                0x00000000       0x20 ..\obj\stm32f30x_rcc.o
 .text.RCC_PREDIV1Config
                0x00000000       0x38 ..\obj\stm32f30x_rcc.o
 .text.RCC_ClockSecuritySystemCmd
                0x00000000       0x20 ..\obj\stm32f30x_rcc.o
 .text.RCC_MCOConfig
                0x00000000       0x20 ..\obj\stm32f30x_rcc.o
 .text.RCC_SYSCLKConfig
                0x00000000       0x38 ..\obj\stm32f30x_rcc.o
 .text.RCC_GetSYSCLKSource
                0x00000000       0x1c ..\obj\stm32f30x_rcc.o
 .text.RCC_HCLKConfig
                0x00000000       0x38 ..\obj\stm32f30x_rcc.o
 .text.RCC_PCLK1Config
                0x00000000       0x38 ..\obj\stm32f30x_rcc.o
 .text.RCC_PCLK2Config
                0x00000000       0x38 ..\obj\stm32f30x_rcc.o
 .text.RCC_GetClocksFreq
                0x00000000      0x41c ..\obj\stm32f30x_rcc.o
 .text.RCC_ADCCLKConfig
                0x00000000       0x4c ..\obj\stm32f30x_rcc.o
 .text.RCC_I2CCLKConfig
                0x00000000       0x4c ..\obj\stm32f30x_rcc.o
 .text.RCC_TIMCLKConfig
                0x00000000       0x4c ..\obj\stm32f30x_rcc.o
 .text.RCC_USARTCLKConfig
                0x00000000       0x98 ..\obj\stm32f30x_rcc.o
 .text.RCC_USBCLKConfig
                0x00000000       0x1c ..\obj\stm32f30x_rcc.o
 .text.RCC_RTCCLKConfig
                0x00000000       0x24 ..\obj\stm32f30x_rcc.o
 .text.RCC_I2SCLKConfig
                0x00000000       0x1c ..\obj\stm32f30x_rcc.o
 .text.RCC_RTCCLKCmd
                0x00000000       0x20 ..\obj\stm32f30x_rcc.o
 .text.RCC_BackupResetCmd
                0x00000000       0x20 ..\obj\stm32f30x_rcc.o
 .text.RCC_APB2PeriphClockCmd
                0x00000000       0x3c ..\obj\stm32f30x_rcc.o
 .text.RCC_APB1PeriphClockCmd
                0x00000000       0x3c ..\obj\stm32f30x_rcc.o
 .text.RCC_AHBPeriphResetCmd
                0x00000000       0x3c ..\obj\stm32f30x_rcc.o
 .text.RCC_APB2PeriphResetCmd
                0x00000000       0x3c ..\obj\stm32f30x_rcc.o
 .text.RCC_APB1PeriphResetCmd
                0x00000000       0x3c ..\obj\stm32f30x_rcc.o
 .text.RCC_ITConfig
                0x00000000       0x4c ..\obj\stm32f30x_rcc.o
 .text.RCC_GetFlagStatus
                0x00000000       0x80 ..\obj\stm32f30x_rcc.o
 .text.RCC_ClearFlag
                0x00000000       0x1c ..\obj\stm32f30x_rcc.o
 .text.RCC_GetITStatus
                0x00000000       0x34 ..\obj\stm32f30x_rcc.o
 .text.RCC_ClearITPendingBit
                0x00000000       0x20 ..\obj\stm32f30x_rcc.o
 .text          0x00000000        0x0 ..\obj\stm32f30x_gpio.o
 .data          0x00000000        0x0 ..\obj\stm32f30x_gpio.o
 .bss           0x00000000        0x0 ..\obj\stm32f30x_gpio.o
 .text.GPIO_DeInit
                0x00000000       0xd8 ..\obj\stm32f30x_gpio.o
 .text.GPIO_StructInit
                0x00000000       0x32 ..\obj\stm32f30x_gpio.o
 .text.GPIO_PinLockConfig
                0x00000000       0x42 ..\obj\stm32f30x_gpio.o
 .text.GPIO_ReadInputDataBit
                0x00000000       0x36 ..\obj\stm32f30x_gpio.o
 .text.GPIO_ReadInputData
                0x00000000       0x18 ..\obj\stm32f30x_gpio.o
 .text.GPIO_ReadOutputDataBit
                0x00000000       0x36 ..\obj\stm32f30x_gpio.o
 .text.GPIO_ReadOutputData
                0x00000000       0x18 ..\obj\stm32f30x_gpio.o
 .text.GPIO_SetBits
                0x00000000       0x1c ..\obj\stm32f30x_gpio.o
 .text.GPIO_ResetBits
                0x00000000       0x1c ..\obj\stm32f30x_gpio.o
 .text.GPIO_WriteBit
                0x00000000       0x2e ..\obj\stm32f30x_gpio.o
 .text.GPIO_PinAFConfig
                0x00000000       0x90 ..\obj\stm32f30x_gpio.o
 .text          0x00000000        0x0 ..\obj\main.o
 .data          0x00000000        0x0 ..\obj\main.o
 .bss           0x00000000        0x0 ..\obj\main.o
 .text          0x00000000        0x0 ..\obj\system_stm32f30x_temp.o
 .data          0x00000000       0x14 ..\obj\system_stm32f30x_temp.o
 .bss           0x00000000        0x0 ..\obj\system_stm32f30x_temp.o
 .text.SystemCoreClockUpdate1
                0x00000000       0xd8 ..\obj\system_stm32f30x_temp.o
 .text          0x00000000       0x14 ..\obj\startup_stm32f30x.o
 .data          0x00000000        0x0 ..\obj\startup_stm32f30x.o
 .bss           0x00000000        0x0 ..\obj\startup_stm32f30x.o

Memory Configuration

Name             Origin             Length             Attributes
rom              0x08000000         0x00040000         xr
ram              0x20000000         0x0000a000         xrw
ram1             0x10000000         0x00002000         xrw
*default*        0x00000000         0xffffffff

Linker script and memory map

                0x2000a000                _eram = 0x2000a000

.text           0x08000000      0x53a
 *(.isr_vector)
 .isr_vector    0x08000000      0x188 ..\obj\startup_stm32f30x.o
                0x08000000                g_pfnVectors
 *(.text*)
 .text.RCC_AHBPeriphClockCmd
                0x08000188       0x3c ..\obj\stm32f30x_rcc.o
                0x08000188                RCC_AHBPeriphClockCmd
 .text.GPIO_Init
                0x080001c4      0x128 ..\obj\stm32f30x_gpio.o
                0x080001c4                GPIO_Init
 .text.GPIO_Write
                0x080002ec       0x1c ..\obj\stm32f30x_gpio.o
                0x080002ec                GPIO_Write
 .text.main     0x08000308       0x88 ..\obj\main.o
                0x08000308                main
 .text.SystemInit1
                0x08000390       0x84 ..\obj\system_stm32f30x_temp.o
                0x08000390                SystemInit
                0x08000390                SystemInit1
 .text.SetSysClock1
                0x08000414       0xe0 ..\obj\system_stm32f30x_temp.o
                0x08000414                SetSysClock
 .text.Reset_Handler
                0x080004f4       0x44 ..\obj\startup_stm32f30x.o
                0x080004f4                Reset_Handler
 .text.Default_Handler
                0x08000538        0x2 ..\obj\startup_stm32f30x.o
                0x08000538                RTC_Alarm_IRQHandler
                0x08000538                TIM8_TRG_COM_IRQHandler
                0x08000538                TIM8_CC_IRQHandler
                0x08000538                DebugMon_Handler
                0x08000538                TIM1_CC_IRQHandler
                0x08000538                HardFault_Handler
                0x08000538                USB_HP_IRQHandler
                0x08000538                SysTick_Handler
                0x08000538                PVD_IRQHandler
                0x08000538                PendSV_Handler
                0x08000538                NMI_Handler
                0x08000538                EXTI3_IRQHandler
                0x08000538                EXTI0_IRQHandler
                0x08000538                I2C2_EV_IRQHandler
                0x08000538                FPU_IRQHandler
                0x08000538                EXTI2_TS_IRQHandler
                0x08000538                TIM1_UP_TIM16_IRQHandler
                0x08000538                UsageFault_Handler
                0x08000538                ADC1_2_IRQHandler
                0x08000538                SPI1_IRQHandler
                0x08000538                TIM6_DAC_IRQHandler
                0x08000538                TIM8_UP_IRQHandler
                0x08000538                DMA2_Channel2_IRQHandler
                0x08000538                DMA1_Channel4_IRQHandler
                0x08000538                USART3_IRQHandler
                0x08000538                DMA1_Channel7_IRQHandler
                0x08000538                CAN1_RX1_IRQHandler
                0x08000538                UART5_IRQHandler
                0x08000538                ADC3_IRQHandler
                0x08000538                TIM4_IRQHandler
                0x08000538                DMA2_Channel1_IRQHandler
                0x08000538                I2C1_EV_IRQHandler
                0x08000538                DMA1_Channel6_IRQHandler
                0x08000538                UART4_IRQHandler
                0x08000538                DMA2_Channel4_IRQHandler
                0x08000538                TIM3_IRQHandler
                0x08000538                RCC_IRQHandler
                0x08000538                DMA1_Channel1_IRQHandler
                0x08000538                Default_Handler
                0x08000538                USBWakeUp_RMP_IRQHandler
                0x08000538                EXTI15_10_IRQHandler
                0x08000538                TIM7_IRQHandler
                0x08000538                EXTI9_5_IRQHandler
                0x08000538                TAMPER_STAMP_IRQHandler
                0x08000538                RTC_WKUP_IRQHandler
                0x08000538                SPI2_IRQHandler
                0x08000538                MemManage_Handler
                0x08000538                SVC_Handler
                0x08000538                DMA2_Channel5_IRQHandler
                0x08000538                DMA1_Channel5_IRQHandler
                0x08000538                USB_LP_IRQHandler
                0x08000538                EXTI4_IRQHandler
                0x08000538                USB_LP_CAN1_RX0_IRQHandler
                0x08000538                TIM1_TRG_COM_TIM17_IRQHandler
                0x08000538                USB_HP_CAN1_TX_IRQHandler
                0x08000538                DMA1_Channel3_IRQHandler
                0x08000538                ADC4_IRQHandler
                0x08000538                WWDG_IRQHandler
                0x08000538                TIM2_IRQHandler
                0x08000538                COMP7_IRQHandler
                0x08000538                COMP1_2_3_IRQHandler
                0x08000538                EXTI1_IRQHandler
                0x08000538                USART2_IRQHandler
                0x08000538                COMP4_5_6_IRQHandler
                0x08000538                I2C2_ER_IRQHandler
                0x08000538                DMA1_Channel2_IRQHandler
                0x08000538                TIM8_BRK_IRQHandler
                0x08000538                CAN1_SCE_IRQHandler
                0x08000538                FLASH_IRQHandler
                0x08000538                BusFault_Handler
                0x08000538                USART1_IRQHandler
                0x08000538                SPI3_IRQHandler
                0x08000538                I2C1_ER_IRQHandler
                0x08000538                USBWakeUp_IRQHandler
                0x08000538                DMA2_Channel3_IRQHandler
                0x08000538                TIM1_BRK_TIM15_IRQHandler
 *(.init)
 *(.fini)
 *crtbegin.o(.ctors)
 *crtbegin?.o(.ctors)
 *(EXCLUDE_FILE(*crtend.o *crtend?.o) .ctors)
 *(SORT_BY_NAME(.ctors.*))
 *(.ctors)
 *crtbegin.o(.dtors)
 *crtbegin?.o(.dtors)
 *(EXCLUDE_FILE(*crtend.o *crtend?.o) .dtors)
 *(SORT_BY_NAME(.dtors.*))
 *(.dtors)
 *(.rodata*)
 *(.eh_fram e*)

.glue_7         0x0800053c        0x0
 .glue_7        0x0800053c        0x0 linker stubs

.glue_7t        0x0800053c        0x0
 .glue_7t       0x0800053c        0x0 linker stubs

.vfp11_veneer   0x0800053c        0x0
 .vfp11_veneer  0x0800053c        0x0 linker stubs

.v4_bx          0x0800053c        0x0
 .v4_bx         0x0800053c        0x0 linker stubs

.iplt           0x0800053c        0x0
 .iplt          0x0800053c        0x0 ..\obj\stm32f30x_rcc.o

.rel.dyn        0x0800053c        0x0
 .rel.iplt      0x0800053c        0x0 ..\obj\stm32f30x_rcc.o

.ARM.extab
 *(.ARM.extab* .gnu.linkonce.armextab.*)
                0x0800053a                __exidx_start = .

.ARM.exidx
 *(.ARM.exidx* .gnu.linkonce.armexidx.*)
                0x0800053a                __exidx_end = .
                0x0800053a                __etext = .
                0x0800053a                _sidata = __etext

.data           0x20000000        0x0 load address 0x0800053a
                0x20000000                __data_start__ = .
                0x20000000                _sdata = __data_start__
 *(vtable)
 *(.data*)
                0x20000000                . = ALIGN (0x4)
                [!provide]                PROVIDE (__preinit_array_start = .)
 *(.preinit_array)
                [!provide]                PROVIDE (__preinit_array_end = .)
                0x20000000                . = ALIGN (0x4)
                [!provide]                PROVIDE (__init_array_start = .)
 *(SORT_BY_NAME(.init_array.*))
 *(.init_array)
                [!provide]                PROVIDE (__init_array_end = .)
                0x20000000                . = ALIGN (0x4)
                [!provide]                PROVIDE (__fini_array_start = .)
 *(SORT_BY_NAME(.fini_array.*))
 *(.fini_array)
                [!provide]                PROVIDE (__fini_array_end = .)
 *(.jcr*)
                0x20000000                . = ALIGN (0x4)
                0x20000000                __data_end__ = .
                0x20000000                _edata = __data_end__

.igot.plt       0x20000000        0x0
 .igot.plt      0x20000000        0x0 ..\obj\stm32f30x_rcc.o

.bss            0x20000000        0x8
                0x20000000                . = ALIGN (0x4)
                0x20000000                __bss_start__ = .
                0x20000000                _sbss = __bss_start__
 *(.bss*)
 *(COMMON)
 COMMON         0x20000000        0x8 ..\obj\main.o
                0x20000000                GPIO_InitStruct
                0x20000008                . = ALIGN (0x4)
                0x20000008                __bss_end__ = .
                0x20000008                _ebss = __bss_end__

.heap           0x20000008        0x0
                0x20000008                __end__ = .
                0x20000008                _end = __end__
                0x20000008                end = __end__
 *(.heap*)
                0x20000008                __HeapLimit = .

.co_stack       0x20000008        0x0
                0x20000008                . = ALIGN (0x8)
 *(.co_stack .co_stack.*)
                0x2000a000                __StackTop = (ORIGIN (ram) + LENGTH (ram))
                0x2000a000                __StackLimit = (__StackTop - SIZEOF (.co_stack))
                [!provide]                PROVIDE (__stack = __StackTop)
                0x00000001                ASSERT ((__StackLimit >= __HeapLimit), region ram  overflowed with stack)
LOAD ..\obj\stm32f30x_rcc.o
LOAD ..\obj\stm32f30x_gpio.o
LOAD ..\obj\main.o
LOAD ..\obj\system_stm32f30x_temp.o
LOAD ..\obj\startup_stm32f30x.o
START GROUP
LOAD c:/program files (x86)/gnu tools arm embedded/8 2019-q3-update/bin/../lib/gcc/arm-none-eabi/8.3.1/thumb/v7e-m/nofp\libgcc.a
LOAD c:/program files (x86)/gnu tools arm embedded/8 2019-q3-update/bin/../lib/gcc/arm-none-eabi/8.3.1/../../../../arm-none-eabi/lib/thumb/v7e-m/nofp\libg.a
LOAD c:/program files (x86)/gnu tools arm embedded/8 2019-q3-update/bin/../lib/gcc/arm-none-eabi/8.3.1/../../../../arm-none-eabi/lib/thumb/v7e-m/nofp\libc.a
END GROUP
OUTPUT(Counting_LED_display.elf elf32-littlearm)

.debug_info     0x00000000     0x1a5a
 .debug_info    0x00000000      0xb75 ..\obj\stm32f30x_rcc.o
 .debug_info    0x00000b75      0x675 ..\obj\stm32f30x_gpio.o
 .debug_info    0x000011ea      0x348 ..\obj\main.o
 .debug_info    0x00001532      0x506 ..\obj\system_stm32f30x_temp.o
 .debug_info    0x00001a38       0x22 ..\obj\startup_stm32f30x.o

.debug_abbrev   0x00000000      0x6ec
 .debug_abbrev  0x00000000      0x226 ..\obj\stm32f30x_rcc.o
 .debug_abbrev  0x00000226      0x1d5 ..\obj\stm32f30x_gpio.o
 .debug_abbrev  0x000003fb      0x158 ..\obj\main.o
 .debug_abbrev  0x00000553      0x187 ..\obj\system_stm32f30x_temp.o
 .debug_abbrev  0x000006da       0x12 ..\obj\startup_stm32f30x.o

.debug_aranges  0x00000000      0x248
 .debug_aranges
                0x00000000      0x150 ..\obj\stm32f30x_rcc.o
 .debug_aranges
                0x00000150       0x80 ..\obj\stm32f30x_gpio.o
 .debug_aranges
                0x000001d0       0x20 ..\obj\main.o
 .debug_aranges
                0x000001f0       0x30 ..\obj\system_stm32f30x_temp.o
 .debug_aranges
                0x00000220       0x28 ..\obj\startup_stm32f30x.o

.debug_ranges   0x00000000      0x200
 .debug_ranges  0x00000000      0x140 ..\obj\stm32f30x_rcc.o
 .debug_ranges  0x00000140       0x70 ..\obj\stm32f30x_gpio.o
 .debug_ranges  0x000001b0       0x10 ..\obj\main.o
 .debug_ranges  0x000001c0       0x20 ..\obj\system_stm32f30x_temp.o
 .debug_ranges  0x000001e0       0x20 ..\obj\startup_stm32f30x.o

.debug_line     0x00000000     0x155c
 .debug_line    0x00000000      0xa47 ..\obj\stm32f30x_rcc.o
 .debug_line    0x00000a47      0x4e5 ..\obj\stm32f30x_gpio.o
 .debug_line    0x00000f2c      0x26e ..\obj\main.o
 .debug_line    0x0000119a      0x311 ..\obj\system_stm32f30x_temp.o
 .debug_line    0x000014ab       0xb1 ..\obj\startup_stm32f30x.o

.debug_str      0x00000000      0xcbd
 .debug_str     0x00000000      0x7e1 ..\obj\stm32f30x_rcc.o
                                0x872 (size before relaxing)
 .debug_str     0x000007e1      0x335 ..\obj\stm32f30x_gpio.o
                                0x51d (size before relaxing)
 .debug_str     0x00000b16       0x49 ..\obj\main.o
                                0x3c6 (size before relaxing)
 .debug_str     0x00000b5f       0xfa ..\obj\system_stm32f30x_temp.o
                                0x378 (size before relaxing)
 .debug_str     0x00000c59       0x64 ..\obj\startup_stm32f30x.o
                                 0xb2 (size before relaxing)

.comment        0x00000000       0x76
 .comment       0x00000000       0x76 ..\obj\stm32f30x_rcc.o
                                 0x77 (size before relaxing)
 .comment       0x00000076       0x77 ..\obj\stm32f30x_gpio.o
 .comment       0x00000076       0x77 ..\obj\main.o
 .comment       0x00000076       0x77 ..\obj\system_stm32f30x_temp.o

.ARM.attributes
                0x00000000       0x2c
 .ARM.attributes
                0x00000000       0x2e ..\obj\stm32f30x_rcc.o
 .ARM.attributes
                0x0000002e       0x2e ..\obj\stm32f30x_gpio.o
 .ARM.attributes
                0x0000005c       0x2e ..\obj\main.o
 .ARM.attributes
                0x0000008a       0x2e ..\obj\system_stm32f30x_temp.o
 .ARM.attributes
                0x000000b8       0x21 ..\obj\startup_stm32f30x.o

.debug_frame    0x00000000      0x8cc
 .debug_frame   0x00000000      0x60c ..\obj\stm32f30x_rcc.o
 .debug_frame   0x0000060c      0x214 ..\obj\stm32f30x_gpio.o
 .debug_frame   0x00000820       0x30 ..\obj\main.o
 .debug_frame   0x00000850       0x7c ..\obj\system_stm32f30x_temp.o
